../Core/Src/main.c:165:5:main	32	static
../Core/Src/main.c:277:6:SystemClock_Config	112	static
../Core/Src/main.c:323:13:MX_TIM14_Init	8	static
../Core/Src/main.c:354:13:MX_TIM16_Init	8	static
../Core/Src/main.c:386:13:MX_TIM17_Init	8	static
../Core/Src/main.c:418:13:MX_USART2_UART_Init	8	static
../Core/Src/main.c:453:13:MX_GPIO_Init	56	static
../Core/Src/main.c:535:6:statechart_takeFastMeasurement	16	static
../Core/Src/main.c:544:6:statechart_takeSlowMeasurement	16	static
../Core/Src/main.c:552:6:statechart_changemsVRate	16	static
../Core/Src/main.c:564:6:statechart_changeThreshold	16	static
../Core/Src/main.c:578:6:IsvalytiIndikatoriu	16	static
../Core/Src/main.c:594:5:SuformuotiSkaiciu	104	static
../Core/Src/main.c:621:6:PavaizduotiSkaiciu	64	static
../Core/Src/main.c:640:6:ParodytiSkaiciu	112	static
../Core/Src/main.c:706:6:HAL_GPIO_EXTI_Callback	32	static
../Core/Src/main.c:804:6:HAL_TIM_PeriodElapsedCallback	16	static
../Core/Src/main.c:883:6:Error_Handler	8	static,ignoring_inline_asm
