../Core/Inc/Statechart.c:73:6:statechart_init	24	static
../Core/Inc/Statechart.c:91:6:statechart_enter	16	static
../Core/Inc/Statechart.c:115:6:statechart_exit	16	static
../Core/Inc/Statechart.c:131:6:statechart_trigger_without_event	16	static
../Core/Inc/Statechart.c:136:12:statechart_is_active	24	static
../Core/Inc/Statechart.c:152:12:statechart_is_final	16	static
../Core/Inc/Statechart.c:158:12:statechart_is_state_active	24	static
../Core/Inc/Statechart.c:186:13:clear_in_events	16	static
../Core/Inc/Statechart.c:194:13:micro_step	16	static
../Core/Inc/Statechart.c:224:13:run_cycle	16	static
../Core/Inc/Statechart.c:252:6:statechart_raise_beSlow	16	static
../Core/Inc/Statechart.c:258:6:statechart_raise_beFast	16	static
../Core/Inc/Statechart.c:264:6:statechart_raise_setmsVRate	16	static
../Core/Inc/Statechart.c:270:6:statechart_raise_setThreshold	16	static
../Core/Inc/Statechart.c:284:13:enact_s_Fast_Measurement____	16	static
../Core/Inc/Statechart.c:291:13:enact_s_Slow_Measurement____	16	static
../Core/Inc/Statechart.c:297:13:enact_s_msV_Rate	16	static
../Core/Inc/Statechart.c:304:13:enact_s_Threshold	16	static
../Core/Inc/Statechart.c:312:13:enseq_s_Fast_Measurement_____default	16	static
../Core/Inc/Statechart.c:320:13:enseq_s_Slow_Measurement_____default	16	static
../Core/Inc/Statechart.c:328:13:enseq_s_msV_Rate_default	16	static
../Core/Inc/Statechart.c:336:13:enseq_s_Threshold_default	16	static
../Core/Inc/Statechart.c:344:13:enseq_s_default	16	static
../Core/Inc/Statechart.c:351:13:exseq_s_Fast_Measurement____	16	static
../Core/Inc/Statechart.c:358:13:exseq_s_Slow_Measurement____	16	static
../Core/Inc/Statechart.c:365:13:exseq_s_msV_Rate	16	static
../Core/Inc/Statechart.c:372:13:exseq_s_Threshold	16	static
../Core/Inc/Statechart.c:379:13:exseq_s	16	static
../Core/Inc/Statechart.c:412:13:react_s__entry_Default	16	static
../Core/Inc/Statechart.c:419:19:react	16	static
../Core/Inc/Statechart.c:426:19:s_Fast_Measurement_____react	24	static
../Core/Inc/Statechart.c:469:19:s_Slow_Measurement_____react	24	static
../Core/Inc/Statechart.c:512:19:s_msV_Rate_react	24	static
../Core/Inc/Statechart.c:532:19:s_Threshold_react	24	static
../Core/Inc/Statechart.c:555:13:statechart_eventqueue_init	24	static
../Core/Inc/Statechart.c:564:19:statechart_eventqueue_size	16	static
../Core/Inc/Statechart.c:569:25:statechart_eventqueue_pop	24	static
../Core/Inc/Statechart.c:588:19:statechart_eventqueue_push	16	static
../Core/Inc/Statechart.c:607:13:statechart_event_init	16	static
../Core/Inc/Statechart.c:612:13:statechart_add_event_to_queue	32	static
../Core/Inc/Statechart.c:619:19:statechart_dispatch_event	16	static
../Core/Inc/Statechart.c:646:25:statechart_get_next_event	32	static
../Core/Inc/Statechart.c:656:19:statechart_dispatch_next_event	24	static
